I"Å
<h5 id="è¶Šç‹±ç¯å¢ƒå¯åŠ¨cy">è¶Šç‹±ç¯å¢ƒå¯åŠ¨cy</h5>

<ul>
  <li>è§£å†³æ— æ³•è¾“å…¥ä¸­æ–‡é—®é¢˜</li>
</ul>

<pre><code class="language-objectivec">scp -P 12345 .inputrc root@localhost:~/
</code></pre>

<ul>
  <li>åœ¨æ‰‹æœºä¸Šä½¿ç”¨VimæŒ‡ä»¤ï¼Œéœ€å®‰è£…Vi IMproved</li>
  <li>åœ¨æ‰‹æœºä¸Šæ•²ç»ˆç«¯æŒ‡ä»¤adv-cmds</li>
  <li>è°ƒèµ·æ‰€æœ‰è¿›ç¨‹Cycriptï¼ŒiOS11ä¸å¯ç”¨ï¼ iOS11ä¸Šç”¨å®ƒ<a href="https://github.com/BishopFox/bfinject.git">bfinject-master</a></li>
</ul>

<pre><code class="language-objectivec">//åˆ—å‡ºæ‰€æœ‰è¿›ç¨‹
$ ps -A
//å…³é”®å­—æœç´¢
$ ps -A | grep WeChat
//cyè¿æ¥
$ cycript -p WeChat
$ cycript -p è¿›ç¨‹åç§°/è¿›ç¨‹id
//æ–­å¼€ control + d
</code></pre>

<ul>
  <li>cyå†…ç½®è¯­æ³•</li>
</ul>

<pre><code class="language-objectivec">//éå†å‡ºæ•´ä¸ªappé‡Œé¢æ‰€æœ‰ç”¨åˆ°çš„ç±»
$ ObjectiveC.classes
//å¾ªç¯éå†å­æ§ä»¶
$ UIApp.keyWindow.recursiveDescription().toString()
//LLDBæ‰“å°
$ [self.view.keyWindow recursiveDescrip]
</code></pre>

<pre><code class="language-objectivec">//å®šä¹‰å˜é‡
$ var keyWindow = UIApp.keyWindow
#"&lt;iConsoleWindow: 0x1355ea840; baseClass = UIWindow; frame = (0 0; 375 667); gestureRecognizers = &lt;NSArray: 0x13570b970&gt;; layer = &lt;UIWindowLayer: 0x1355ea7e0&gt;&gt;"
//å®šä¹‰æ–¹æ³•
$ keyWindow
#"&lt;iConsoleWindow: 0x1355ea840; baseClass = UIWindow; frame = (0 0; 375 667); gestureRecognizers = &lt;NSArray: 0x13570b970&gt;; layer = &lt;UIWindowLayer: 0x1355ea7e0&gt;&gt;"
$ function sum(a,b) {return a+b;}
$ sum(1,2)
3
</code></pre>

<ul>
  <li>å®šä¹‰çš„æ–¹æ³•å’Œå˜é‡åœ¨è¿›ç¨‹å†…å­˜ä¸­ï¼Œé€€å‡ºåéƒ½ä¸å­˜åœ¨ã€‚æŠŠå¸¸ç”¨æ–¹æ³•å’Œå¸¸ç”¨å˜é‡å°è£…åˆ°ä¸€ä¸ªæ–‡ä»¶ï¼Œimportå°±å¯ä»¥
    <ul>
      <li>åˆ›å»º.cyæ–‡ä»¶,<a href="https://github.com/QionglinFu1024/QLTools.git">ä¸‹è½½qlcript</a></li>
      <li>æ‹·è´åˆ°å·¥å…·åº“ä¸‹</li>
    </ul>

    <pre><code class="language-objectivec">$ scp -P 12345 qlcript.cy root@localhost:/usr/lib/cycript0.9
  //ä½¿ç”¨
  $ @import qlcript
  $ QLAppId
  @"com.tencent.xin"
  </code></pre>
  </li>
  <li>ç›´æ¥é™„åŠ ã€‚æ— éœ€@import</li>
</ul>

<pre><code class="language-objectivec">$ cycript -p WeChat /usr/lib/cycript0.9/qlcript.cy
//è¿æ¥
$ cycript -p WeChat
//ç›´æ¥æ•²
$ QLAppId
//ç¾æ»‹æ»‹ï½

//ç®€æ´ç‰ˆ
$ cycript -p WeChat /usr/lib/cycript0.9/qlcript.cy ; cycript -p WeChat

//IIFE åŒ¿åå‡½æ•°è‡ªæ‰§è¡Œè¡¨è¾¾å¼
(function(exports){
    function....
})(exports);
//æ­¤æ—¶åœ¨æ‰§è¡Œç›´æ¥é™„åŠ æŒ‡ä»¤ï¼ŒæŠ¥é”™throw new ReferenceError("Can't find variable: exports")
</code></pre>

<h5 id="éè¶Šç‹±ç¯å¢ƒè½½å…¥cyæ–‡ä»¶">éè¶Šç‹±ç¯å¢ƒè½½å…¥cyæ–‡ä»¶</h5>
<ul>
  <li>MonkeyDev
    <ul>
      <li>é¡¹ç›®ä¸‹çš„TARGETS/Build Phasses/Copy Files/addä½ çš„cyæ–‡ä»¶</li>
      <li>å…¶ä»–æ“ä½œç…§æ—§ã€‚(@importâ€¦.)</li>
    </ul>
  </li>
</ul>

:ET